[74524:107848:0715/104256.136:WARNING:chrome_main_delegate.cc(745)] This is Chrome version 128.0.6613.138 (not a warning)
[74524:16268:0715/104256.262:ERROR:google_update_settings.cc(265)] Failed opening key Software\Chromium to set usagestats; result: 5
[74524:107848:0715/104256.307:WARNING:account_consistency_mode_manager.cc(77)] Desktop Identity Consistency cannot be enabled as no OAuth client ID and client secret have been configured.
[58564:109704:0715/104302.110:WARNING:frame_impl.cc(430)] virtual CefFrameImpl::SendProcessMessage sent to detached frame 5-366E8F419211419DEEDC9367CADD11DD will be ignored
[117144:52440:0715/104303.695:WARNING:codec.cc(525)] Explicitly added H264 constrained baseline to list of supported formats.
[117144:113272:0715/104303.710:WARNING:codec.cc(525)] Explicitly added H264 constrained baseline to list of supported formats.
[117144:113272:0715/104303.710:WARNING:codec.cc(525)] Explicitly added H264 constrained baseline to list of supported formats.
[117144:113272:0715/104303.711:WARNING:codec.cc(525)] Explicitly added H264 constrained baseline to list of supported formats.
[51176:27744:0715/104303.802:WARNING:host_resolver_dns_task.cc(863)] Address list empty after RFC3484 sort
[51176:27744:0715/104303.803:WARNING:host_resolver_dns_task.cc(863)] Address list empty after RFC3484 sort
[51176:27744:0715/104303.803:WARNING:host_resolver_dns_task.cc(863)] Address list empty after RFC3484 sort
[51176:27744:0715/104303.803:ERROR:socket_manager.cc(147)] Failed to resolve address for stun.l.google.com., errorcode: -105
[51176:27744:0715/104303.803:ERROR:socket_manager.cc(147)] Failed to resolve address for stun.l.google.com., errorcode: -105
[51176:27744:0715/104303.803:ERROR:socket_manager.cc(147)] Failed to resolve address for stun.l.google.com., errorcode: -105
[117144:113272:0715/104303.803:WARNING:stun_port.cc(442)] Port[10f8000:0:1:0:host:Net[any:0:0:0:x:x:x:x:x/0:Wildcard:id=0]]: StunPort: stun host lookup received error -1
[117144:113272:0715/104303.803:WARNING:stun_port.cc(442)] Port[10f8400:1:1:0:host:Net[any:0:0:0:x:x:x:x:x/0:Wildcard:id=0]]: StunPort: stun host lookup received error -1
[117144:113272:0715/104303.803:WARNING:stun_port.cc(442)] Port[10f8c00:2:1:0:host:Net[any:0:0:0:x:x:x:x:x/0:Wildcard:id=0]]: StunPort: stun host lookup received error -1
[51176:27744:0715/104303.803:ERROR:socket_manager.cc(147)] Failed to resolve address for stun1.l.google.com., errorcode: -105
[51176:27744:0715/104303.803:ERROR:socket_manager.cc(147)] Failed to resolve address for stun1.l.google.com., errorcode: -105
[51176:27744:0715/104303.803:ERROR:socket_manager.cc(147)] Failed to resolve address for stun1.l.google.com., errorcode: -105
[117144:113272:0715/104303.804:WARNING:stun_port.cc(442)] Port[10f8000:0:1:0:host:Net[any:0:0:0:x:x:x:x:x/0:Wildcard:id=0]]: StunPort: stun host lookup received error -1
[117144:113272:0715/104303.804:WARNING:stun_port.cc(442)] Port[10f8400:1:1:0:host:Net[any:0:0:0:x:x:x:x:x/0:Wildcard:id=0]]: StunPort: stun host lookup received error -1
[117144:113272:0715/104303.804:WARNING:stun_port.cc(442)] Port[10f8c00:2:1:0:host:Net[any:0:0:0:x:x:x:x:x/0:Wildcard:id=0]]: StunPort: stun host lookup received error -1
[51176:27744:0715/104303.804:ERROR:socket_manager.cc(147)] Failed to resolve address for stun.cloudflare.com., errorcode: -105
[51176:27744:0715/104303.804:ERROR:socket_manager.cc(147)] Failed to resolve address for stun.cloudflare.com., errorcode: -105
[51176:27744:0715/104303.804:ERROR:socket_manager.cc(147)] Failed to resolve address for stun.cloudflare.com., errorcode: -105
[117144:113272:0715/104303.804:WARNING:stun_port.cc(442)] Port[10f8000:0:1:0:host:Net[any:0:0:0:x:x:x:x:x/0:Wildcard:id=0]]: StunPort: stun host lookup received error -1
[117144:113272:0715/104303.804:WARNING:stun_port.cc(442)] Port[10f8400:1:1:0:host:Net[any:0:0:0:x:x:x:x:x/0:Wildcard:id=0]]: StunPort: stun host lookup received error -1
[117144:113272:0715/104303.804:WARNING:stun_port.cc(442)] Port[10f8c00:2:1:0:host:Net[any:0:0:0:x:x:x:x:x/0:Wildcard:id=0]]: StunPort: stun host lookup received error -1
[74524:98648:0715/104305.120:WARNING:browser_info.cc(345)] Returning a speculative frame for [7,9]
[74524:107848:0715/104305.450:WARNING:browser_info.cc(345)] Returning a speculative frame for [9,9]
[74524:107848:0715/104305.450:WARNING:browser_info.cc(345)] Returning a speculative frame for [9,9]
[74524:107848:0715/104305.450:WARNING:browser_info.cc(345)] Returning a speculative frame for [9,9]
[74524:107848:0715/104305.450:WARNING:browser_info.cc(345)] Returning a speculative frame for [9,9]
[74524:98648:0715/104305.467:WARNING:browser_info.cc(345)] Returning a speculative frame for [9,9]
[17268:8912:0715/104306.780:WARNING:codec.cc(525)] Explicitly added H264 constrained baseline to list of supported formats.
[17268:120864:0715/104306.814:WARNING:codec.cc(525)] Explicitly added H264 constrained baseline to list of supported formats.
[17268:120864:0715/104306.814:WARNING:codec.cc(525)] Explicitly added H264 constrained baseline to list of supported formats.
[17268:120864:0715/104306.814:WARNING:codec.cc(525)] Explicitly added H264 constrained baseline to list of supported formats.
[51176:27744:0715/104307.119:WARNING:host_resolver_dns_task.cc(863)] Address list empty after RFC3484 sort
[51176:27744:0715/104307.119:ERROR:socket_manager.cc(147)] Failed to resolve address for stun.cloudflare.com., errorcode: -105
[51176:27744:0715/104307.119:ERROR:socket_manager.cc(147)] Failed to resolve address for stun.cloudflare.com., errorcode: -105
[51176:27744:0715/104307.119:ERROR:socket_manager.cc(147)] Failed to resolve address for stun.cloudflare.com., errorcode: -105
[51176:27744:0715/104307.119:WARNING:host_resolver_dns_task.cc(863)] Address list empty after RFC3484 sort
[17268:120864:0715/104307.119:WARNING:stun_port.cc(442)] Port[1334000:0:1:0:host:Net[any:0:0:0:x:x:x:x:x/0:Wildcard:id=0]]: StunPort: stun host lookup received error -1
[17268:120864:0715/104307.119:WARNING:stun_port.cc(442)] Port[1334400:1:1:0:host:Net[any:0:0:0:x:x:x:x:x/0:Wildcard:id=0]]: StunPort: stun host lookup received error -1
[17268:120864:0715/104307.119:WARNING:stun_port.cc(442)] Port[1334c00:2:1:0:host:Net[any:0:0:0:x:x:x:x:x/0:Wildcard:id=0]]: StunPort: stun host lookup received error -1
[51176:27744:0715/104307.120:WARNING:host_resolver_dns_task.cc(863)] Address list empty after RFC3484 sort
[51176:27744:0715/104307.120:ERROR:socket_manager.cc(147)] Failed to resolve address for stun.l.google.com., errorcode: -105
[51176:27744:0715/104307.120:ERROR:socket_manager.cc(147)] Failed to resolve address for stun.l.google.com., errorcode: -105
[51176:27744:0715/104307.120:ERROR:socket_manager.cc(147)] Failed to resolve address for stun.l.google.com., errorcode: -105
[51176:27744:0715/104307.121:ERROR:socket_manager.cc(147)] Failed to resolve address for stun1.l.google.com., errorcode: -105
[51176:27744:0715/104307.121:ERROR:socket_manager.cc(147)] Failed to resolve address for stun1.l.google.com., errorcode: -105
[51176:27744:0715/104307.121:ERROR:socket_manager.cc(147)] Failed to resolve address for stun1.l.google.com., errorcode: -105
[17268:120864:0715/104307.121:WARNING:stun_port.cc(442)] Port[1334000:0:1:0:host:Net[any:0:0:0:x:x:x:x:x/0:Wildcard:id=0]]: StunPort: stun host lookup received error -1
[17268:120864:0715/104307.121:WARNING:stun_port.cc(442)] Port[1334400:1:1:0:host:Net[any:0:0:0:x:x:x:x:x/0:Wildcard:id=0]]: StunPort: stun host lookup received error -1
[17268:120864:0715/104307.121:WARNING:stun_port.cc(442)] Port[1334c00:2:1:0:host:Net[any:0:0:0:x:x:x:x:x/0:Wildcard:id=0]]: StunPort: stun host lookup received error -1
[17268:120864:0715/104307.121:WARNING:stun_port.cc(442)] Port[1334000:0:1:0:host:Net[any:0:0:0:x:x:x:x:x/0:Wildcard:id=0]]: StunPort: stun host lookup received error -1
[17268:120864:0715/104307.121:WARNING:stun_port.cc(442)] Port[1334400:1:1:0:host:Net[any:0:0:0:x:x:x:x:x/0:Wildcard:id=0]]: StunPort: stun host lookup received error -1
[17268:120864:0715/104307.121:WARNING:stun_port.cc(442)] Port[1334c00:2:1:0:host:Net[any:0:0:0:x:x:x:x:x/0:Wildcard:id=0]]: StunPort: stun host lookup received error -1
[17268:8912:0715/104311.520:WARNING:codec.cc(525)] Explicitly added H264 constrained baseline to list of supported formats.
[127772:6204:0715/104517.832:ERROR:shared_image_manager.cc(224)] SharedImageManager::ProduceSkia: Trying to Produce a Skia representation from a non-existent mailbox.
[74524:107848:0715/121849.454:WARNING:pref_notifier_impl.cc(41)] Pref observer for media_router.cast_allow_all_ips found at shutdown.
