[19576:19536:0808/195753.718:WARNING:chrome_main_delegate.cc(745)] This is Chrome version 128.0.6613.138 (not a warning)
[19576:16868:0808/195754.032:ERROR:google_update_settings.cc(265)] Failed opening key Software\Chromium to set usagestats; result: 5
[19576:19536:0808/195754.352:WARNING:account_consistency_mode_manager.cc(77)] Desktop Identity Consistency cannot be enabled as no OAuth client ID and client secret have been configured.
[19624:11600:0808/195806.146:ERROR:backend_impl.cc(989)] Critical error found -8
[19624:11600:0808/195806.146:ERROR:entry_impl.cc(1029)] No file for b2020020
[19624:11600:0808/195806.147:WARNING:storage_block-inl.h(138)] Failed data load.
[22508:6432:0808/195807.131:WARNING:frame_impl.cc(430)] virtual CefFrameImpl::SendProcessMessage sent to detached frame 5-F2180518592D00DA9164A3392003EE95 will be ignored
[18524:14508:0808/195810.151:WARNING:codec.cc(525)] Explicitly added H264 constrained baseline to list of supported formats.
[18524:24376:0808/195810.200:WARNING:codec.cc(525)] Explicitly added H264 constrained baseline to list of supported formats.
[18524:24376:0808/195810.200:WARNING:codec.cc(525)] Explicitly added H264 constrained baseline to list of supported formats.
[18524:24376:0808/195810.201:WARNING:codec.cc(525)] Explicitly added H264 constrained baseline to list of supported formats.
[19576:21672:0808/195811.609:WARNING:browser_info.cc(345)] Returning a speculative frame for [8,5]
[19576:19536:0808/195811.763:WARNING:browser_info.cc(345)] Returning a speculative frame for [9,5]
[19576:19536:0808/195811.763:WARNING:browser_info.cc(345)] Returning a speculative frame for [9,5]
[19576:19536:0808/195811.763:WARNING:browser_info.cc(345)] Returning a speculative frame for [9,5]
[19576:19536:0808/195811.763:WARNING:browser_info.cc(345)] Returning a speculative frame for [9,5]
[19576:21672:0808/195811.860:WARNING:browser_info.cc(345)] Returning a speculative frame for [9,5]
[512:28996:0808/195812.086:WARNING:codec.cc(525)] Explicitly added H264 constrained baseline to list of supported formats.
[512:3396:0808/195812.162:WARNING:codec.cc(525)] Explicitly added H264 constrained baseline to list of supported formats.
[512:3396:0808/195812.162:WARNING:codec.cc(525)] Explicitly added H264 constrained baseline to list of supported formats.
[512:3396:0808/195812.163:WARNING:codec.cc(525)] Explicitly added H264 constrained baseline to list of supported formats.
[512:28996:0808/195814.042:WARNING:codec.cc(525)] Explicitly added H264 constrained baseline to list of supported formats.
[19576:19536:0808/195847.130:WARNING:page_discarding_helper.cc(138)] Discarding multiple pages with target (kb): 0
[19576:19536:0808/195852.297:WARNING:page_discarding_helper.cc(138)] Discarding multiple pages with target (kb): 0
[19576:19536:0808/195857.297:WARNING:page_discarding_helper.cc(138)] Discarding multiple pages with target (kb): 0
[19576:19536:0808/195902.319:WARNING:page_discarding_helper.cc(138)] Discarding multiple pages with target (kb): 0
[19576:19536:0808/195907.319:WARNING:page_discarding_helper.cc(138)] Discarding multiple pages with target (kb): 0
[19576:19536:0808/195912.346:WARNING:page_discarding_helper.cc(138)] Discarding multiple pages with target (kb): 0
[19576:19536:0808/195917.346:WARNING:page_discarding_helper.cc(138)] Discarding multiple pages with target (kb): 0
[19576:19536:0808/195921.944:WARNING:pref_notifier_impl.cc(41)] Pref observer for media_router.cast_allow_all_ips found at shutdown.
