[6764:26008:0809/215202.714:WARNING:chrome_main_delegate.cc(745)] This is Chrome version 128.0.6613.138 (not a warning)
[6764:25344:0809/215202.979:ERROR:google_update_settings.cc(265)] Failed opening key Software\Chromium to set usagestats; result: 5
[6764:26008:0809/215203.106:WARNING:account_consistency_mode_manager.cc(77)] Desktop Identity Consistency cannot be enabled as no OAuth client ID and client secret have been configured.
[23576:11932:0809/215217.776:WARNING:frame_impl.cc(430)] virtual CefFrameImpl::SendProcessMessage sent to detached frame 5-74A40EED0FD5C5EAA265D490B97F952A will be ignored
[11300:16320:0809/215221.657:WARNING:codec.cc(525)] Explicitly added H264 constrained baseline to list of supported formats.
[11300:8300:0809/215221.704:WARNING:codec.cc(525)] Explicitly added H264 constrained baseline to list of supported formats.
[11300:8300:0809/215221.704:WARNING:codec.cc(525)] Explicitly added H264 constrained baseline to list of supported formats.
[11300:8300:0809/215221.705:WARNING:codec.cc(525)] Explicitly added H264 constrained baseline to list of supported formats.
[6764:13996:0809/215223.442:WARNING:browser_info.cc(345)] Returning a speculative frame for [8,5]
[6764:26008:0809/215224.115:WARNING:browser_info.cc(345)] Returning a speculative frame for [9,5]
[6764:26008:0809/215224.115:WARNING:browser_info.cc(345)] Returning a speculative frame for [9,5]
[6764:26008:0809/215224.115:WARNING:browser_info.cc(345)] Returning a speculative frame for [9,5]
[6764:26008:0809/215224.115:WARNING:browser_info.cc(345)] Returning a speculative frame for [9,5]
[6764:13996:0809/215224.441:WARNING:browser_info.cc(345)] Returning a speculative frame for [9,5]
[23028:28916:0809/215225.770:WARNING:codec.cc(525)] Explicitly added H264 constrained baseline to list of supported formats.
[23028:17116:0809/215225.817:WARNING:codec.cc(525)] Explicitly added H264 constrained baseline to list of supported formats.
[23028:17116:0809/215225.817:WARNING:codec.cc(525)] Explicitly added H264 constrained baseline to list of supported formats.
[23028:17116:0809/215225.819:WARNING:codec.cc(525)] Explicitly added H264 constrained baseline to list of supported formats.
[23028:28916:0809/215232.295:WARNING:codec.cc(525)] Explicitly added H264 constrained baseline to list of supported formats.
[23028:28916:0809/215232.308:WARNING:codec.cc(525)] Explicitly added H264 constrained baseline to list of supported formats.
[23028:17116:0809/215232.332:WARNING:codec.cc(525)] Explicitly added H264 constrained baseline to list of supported formats.
[23028:17116:0809/215232.333:WARNING:codec.cc(525)] Explicitly added H264 constrained baseline to list of supported formats.
[23028:17116:0809/215232.333:WARNING:codec.cc(525)] Explicitly added H264 constrained baseline to list of supported formats.
[6764:26008:0809/215334.462:WARNING:pref_notifier_impl.cc(41)] Pref observer for media_router.cast_allow_all_ips found at shutdown.
