[16104:7264:0825/184702.448:WARNING:chrome_main_delegate.cc(745)] This is Chrome version 128.0.6613.138 (not a warning)
[16104:15200:0825/184702.715:ERROR:google_update_settings.cc(265)] Failed opening key Software\Chromium to set usagestats; result: 5
[16104:7264:0825/184702.802:WARNING:account_consistency_mode_manager.cc(77)] Desktop Identity Consistency cannot be enabled as no OAuth client ID and client secret have been configured.
[13428:16788:0825/184711.791:WARNING:frame_impl.cc(430)] virtual CefFrameImpl::SendProcessMessage sent to detached frame 5-EF4F10C9E1E5E5198ADE4B30D1853033 will be ignored
[24376:12328:0825/184714.358:WARNING:codec.cc(525)] Explicitly added H264 constrained baseline to list of supported formats.
[24376:8716:0825/184714.412:WARNING:codec.cc(525)] Explicitly added H264 constrained baseline to list of supported formats.
[24376:8716:0825/184714.412:WARNING:codec.cc(525)] Explicitly added H264 constrained baseline to list of supported formats.
[24376:8716:0825/184714.414:WARNING:codec.cc(525)] Explicitly added H264 constrained baseline to list of supported formats.
[29096:17484:0825/184714.459:WARNING:host_resolver_dns_task.cc(863)] Address list empty after RFC3484 sort
[29096:17484:0825/184714.463:WARNING:host_resolver_dns_task.cc(863)] Address list empty after RFC3484 sort
[29096:17484:0825/184714.466:WARNING:host_resolver_dns_task.cc(863)] Address list empty after RFC3484 sort
[29096:17484:0825/184714.466:ERROR:socket_manager.cc(147)] Failed to resolve address for stun.cloudflare.com., errorcode: -105
[29096:17484:0825/184714.467:ERROR:socket_manager.cc(147)] Failed to resolve address for stun.cloudflare.com., errorcode: -105
[29096:17484:0825/184714.467:ERROR:socket_manager.cc(147)] Failed to resolve address for stun.cloudflare.com., errorcode: -105
[29096:17484:0825/184714.467:ERROR:socket_manager.cc(147)] Failed to resolve address for stun.l.google.com., errorcode: -105
[29096:17484:0825/184714.467:ERROR:socket_manager.cc(147)] Failed to resolve address for stun.l.google.com., errorcode: -105
[29096:17484:0825/184714.467:ERROR:socket_manager.cc(147)] Failed to resolve address for stun.l.google.com., errorcode: -105
[24376:8716:0825/184714.468:WARNING:stun_port.cc(442)] Port[10c0000:0:1:0:host:Net[any:0:0:0:x:x:x:x:x/0:Wildcard:id=0]]: StunPort: stun host lookup received error -1
[24376:8716:0825/184714.468:WARNING:stun_port.cc(442)] Port[10c0400:1:1:0:host:Net[any:0:0:0:x:x:x:x:x/0:Wildcard:id=0]]: StunPort: stun host lookup received error -1
[24376:8716:0825/184714.468:WARNING:stun_port.cc(442)] Port[10c0c00:2:1:0:host:Net[any:0:0:0:x:x:x:x:x/0:Wildcard:id=0]]: StunPort: stun host lookup received error -1
[24376:8716:0825/184714.468:WARNING:stun_port.cc(442)] Port[10c0000:0:1:0:host:Net[any:0:0:0:x:x:x:x:x/0:Wildcard:id=0]]: StunPort: stun host lookup received error -1
[24376:8716:0825/184714.468:WARNING:stun_port.cc(442)] Port[10c0400:1:1:0:host:Net[any:0:0:0:x:x:x:x:x/0:Wildcard:id=0]]: StunPort: stun host lookup received error -1
[24376:8716:0825/184714.468:WARNING:stun_port.cc(442)] Port[10c0c00:2:1:0:host:Net[any:0:0:0:x:x:x:x:x/0:Wildcard:id=0]]: StunPort: stun host lookup received error -1
[29096:17484:0825/184714.469:ERROR:socket_manager.cc(147)] Failed to resolve address for stun1.l.google.com., errorcode: -105
[29096:17484:0825/184714.469:ERROR:socket_manager.cc(147)] Failed to resolve address for stun1.l.google.com., errorcode: -105
[29096:17484:0825/184714.469:ERROR:socket_manager.cc(147)] Failed to resolve address for stun1.l.google.com., errorcode: -105
[24376:8716:0825/184714.470:WARNING:stun_port.cc(442)] Port[10c0000:0:1:0:host:Net[any:0:0:0:x:x:x:x:x/0:Wildcard:id=0]]: StunPort: stun host lookup received error -1
[24376:8716:0825/184714.470:WARNING:stun_port.cc(442)] Port[10c0400:1:1:0:host:Net[any:0:0:0:x:x:x:x:x/0:Wildcard:id=0]]: StunPort: stun host lookup received error -1
[24376:8716:0825/184714.470:WARNING:stun_port.cc(442)] Port[10c0c00:2:1:0:host:Net[any:0:0:0:x:x:x:x:x/0:Wildcard:id=0]]: StunPort: stun host lookup received error -1
[16104:10268:0825/184715.449:WARNING:browser_info.cc(345)] Returning a speculative frame for [8,9]
[16104:7264:0825/184716.110:WARNING:browser_info.cc(345)] Returning a speculative frame for [9,9]
[16104:7264:0825/184716.110:WARNING:browser_info.cc(345)] Returning a speculative frame for [9,9]
[16104:7264:0825/184716.110:WARNING:browser_info.cc(345)] Returning a speculative frame for [9,9]
[16104:7264:0825/184716.110:WARNING:browser_info.cc(345)] Returning a speculative frame for [9,9]
[16104:10268:0825/184716.114:WARNING:browser_info.cc(345)] Returning a speculative frame for [9,9]
[24296:23612:0825/184717.441:WARNING:codec.cc(525)] Explicitly added H264 constrained baseline to list of supported formats.
[24296:12812:0825/184717.476:WARNING:codec.cc(525)] Explicitly added H264 constrained baseline to list of supported formats.
[24296:12812:0825/184717.476:WARNING:codec.cc(525)] Explicitly added H264 constrained baseline to list of supported formats.
[24296:12812:0825/184717.476:WARNING:codec.cc(525)] Explicitly added H264 constrained baseline to list of supported formats.
[29096:17484:0825/184717.784:WARNING:host_resolver_dns_task.cc(863)] Address list empty after RFC3484 sort
[29096:17484:0825/184717.784:WARNING:host_resolver_dns_task.cc(863)] Address list empty after RFC3484 sort
[29096:17484:0825/184717.784:WARNING:host_resolver_dns_task.cc(863)] Address list empty after RFC3484 sort
[29096:17484:0825/184717.785:ERROR:socket_manager.cc(147)] Failed to resolve address for stun1.l.google.com., errorcode: -105
[29096:17484:0825/184717.785:ERROR:socket_manager.cc(147)] Failed to resolve address for stun1.l.google.com., errorcode: -105
[29096:17484:0825/184717.785:ERROR:socket_manager.cc(147)] Failed to resolve address for stun1.l.google.com., errorcode: -105
[24296:12812:0825/184717.785:WARNING:stun_port.cc(442)] Port[f77800:0:1:0:host:Net[any:0:0:0:x:x:x:x:x/0:Wildcard:id=0]]: StunPort: stun host lookup received error -1
[29096:17484:0825/184717.785:ERROR:socket_manager.cc(147)] Failed to resolve address for stun.l.google.com., errorcode: -105
[24296:12812:0825/184717.785:WARNING:stun_port.cc(442)] Port[f77c00:1:1:0:host:Net[any:0:0:0:x:x:x:x:x/0:Wildcard:id=0]]: StunPort: stun host lookup received error -1
[29096:17484:0825/184717.785:ERROR:socket_manager.cc(147)] Failed to resolve address for stun.l.google.com., errorcode: -105
[29096:17484:0825/184717.785:ERROR:socket_manager.cc(147)] Failed to resolve address for stun.l.google.com., errorcode: -105
[29096:17484:0825/184717.785:ERROR:socket_manager.cc(147)] Failed to resolve address for stun.cloudflare.com., errorcode: -105
[29096:17484:0825/184717.785:ERROR:socket_manager.cc(147)] Failed to resolve address for stun.cloudflare.com., errorcode: -105
[29096:17484:0825/184717.785:ERROR:socket_manager.cc(147)] Failed to resolve address for stun.cloudflare.com., errorcode: -105
[24296:12812:0825/184717.785:WARNING:stun_port.cc(442)] Port[1108800:2:1:0:host:Net[any:0:0:0:x:x:x:x:x/0:Wildcard:id=0]]: StunPort: stun host lookup received error -1
[24296:12812:0825/184717.785:WARNING:stun_port.cc(442)] Port[f77800:0:1:0:host:Net[any:0:0:0:x:x:x:x:x/0:Wildcard:id=0]]: StunPort: stun host lookup received error -1
[24296:12812:0825/184717.785:WARNING:stun_port.cc(442)] Port[f77c00:1:1:0:host:Net[any:0:0:0:x:x:x:x:x/0:Wildcard:id=0]]: StunPort: stun host lookup received error -1
[24296:12812:0825/184717.785:WARNING:stun_port.cc(442)] Port[1108800:2:1:0:host:Net[any:0:0:0:x:x:x:x:x/0:Wildcard:id=0]]: StunPort: stun host lookup received error -1
[24296:12812:0825/184717.785:WARNING:stun_port.cc(442)] Port[f77800:0:1:0:host:Net[any:0:0:0:x:x:x:x:x/0:Wildcard:id=0]]: StunPort: stun host lookup received error -1
[24296:12812:0825/184717.785:WARNING:stun_port.cc(442)] Port[f77c00:1:1:0:host:Net[any:0:0:0:x:x:x:x:x/0:Wildcard:id=0]]: StunPort: stun host lookup received error -1
[24296:12812:0825/184717.785:WARNING:stun_port.cc(442)] Port[1108800:2:1:0:host:Net[any:0:0:0:x:x:x:x:x/0:Wildcard:id=0]]: StunPort: stun host lookup received error -1
[24296:23612:0825/184722.480:WARNING:codec.cc(525)] Explicitly added H264 constrained baseline to list of supported formats.
[29360:27320:0825/184934.331:ERROR:shared_image_manager.cc(224)] SharedImageManager::ProduceSkia: Trying to Produce a Skia representation from a non-existent mailbox.
[16104:7264:0825/185102.722:WARNING:pref_notifier_impl.cc(41)] Pref observer for media_router.cast_allow_all_ips found at shutdown.
